// Jest Snapshot v1, https://goo.gl/fbAQLP

exports[`<SectionContainer /> Should render content 1`] = `
.c0 {
  max-width: 120rem;
  width: 100%;
  margin: 0 auto;
}

<div>
  <div
    class="c0"
  >
    <h1>
      Children
    </h1>
  </div>
</div>
`;
